 
****************************************
Report : constraint
        -all_violators
Design : ahb_top
Version: T-2022.03-SP5
Date   : Tue Jul  7 04:00:20 2026
****************************************


   max_transition

                             Required        Actual
   Net                      Transition     Transition        Slack
   -----------------------------------------------------------------
   u_slave0/n14401              3.00           3.20          -0.20  (VIOLATED)
       PIN :   u_slave0/U203/ZN
                                3.00           3.20          -0.20  (VIOLATED)

   -----------------------------------------------------------------
   Total                      1                  -0.20  

   max_capacitance

                             Required        Actual
   Net                      Capacitance    Capacitance       Slack
   -----------------------------------------------------------------
   dbg_HWDATA[18]               4.50           4.54          -0.04  (VIOLATED)
   dbg_HWDATA[9]                4.50           4.54          -0.04  (VIOLATED)
   dbg_HWDATA[20]               4.50           4.53          -0.03  (VIOLATED)
   dbg_HWDATA[14]               4.50           4.53          -0.03  (VIOLATED)
   dbg_HWDATA[13]               4.50           4.53          -0.03  (VIOLATED)
   dbg_HWDATA[24]               4.50           4.51          -0.01  (VIOLATED)
   dbg_HWDATA[29]               4.50           4.51          -0.01  (VIOLATED)
   u_slave3/n11                 0.60           0.60           0.00  (VIOLATED: increase significant digits)
   u_slave3/n42                 0.60           0.60           0.00  (VIOLATED: increase significant digits)
   u_slave3/n43                 0.60           0.60           0.00  (VIOLATED: increase significant digits)
   u_slave3/n52                 0.60           0.60           0.00  (VIOLATED: increase significant digits)
   u_slave3/n54                 0.60           0.60           0.00  (VIOLATED: increase significant digits)
   u_slave3/n9                  0.60           0.60           0.00  (VIOLATED: increase significant digits)
   u_slave3/n12                 0.60           0.60           0.00  (VIOLATED: increase significant digits)
   u_slave3/n13                 0.60           0.60           0.00  (VIOLATED: increase significant digits)
   u_slave3/n44                 0.60           0.60           0.00  (VIOLATED: increase significant digits)
   u_slave3/n45                 0.60           0.60           0.00  (VIOLATED: increase significant digits)
   u_slave3/n50                 0.60           0.60           0.00  (VIOLATED: increase significant digits)
   u_slave3/n51                 0.60           0.60           0.00  (VIOLATED: increase significant digits)
   u_slave3/n53                 0.60           0.60           0.00  (VIOLATED: increase significant digits)
   u_slave3/n57                 0.60           0.60           0.00  (VIOLATED: increase significant digits)
   u_slave3/n58                 0.60           0.60           0.00  (VIOLATED: increase significant digits)
   u_slave3/n59                 0.60           0.60           0.00  (VIOLATED: increase significant digits)
   u_slave3/n4                  0.60           0.60           0.00  (VIOLATED: increase significant digits)
   u_slave3/n46                 0.60           0.60           0.00  (VIOLATED: increase significant digits)
   u_slave3/n6                  0.60           0.60           0.00  (VIOLATED: increase significant digits)
   u_slave3/n41                 0.60           0.60           0.00  (VIOLATED: increase significant digits)

   -----------------------------------------------------------------
   Total                      27                 -0.23  

1
