 
****************************************
Report : hierarchy
Design : ahb_top
Version: T-2022.03-SP5
Date   : Tue Jul  7 04:00:21 2026
****************************************

Attributes:
    r - licensed design

ahb_top
    ahb_decoder                                   r
        an03d1                          tsl18fs120_scl_ss
        an03d2                          tsl18fs120_scl_ss
        inv0d0                          tsl18fs120_scl_ss
        inv0d1                          tsl18fs120_scl_ss
        nd03d2                          tsl18fs120_scl_ss
        nr03d2                          tsl18fs120_scl_ss
        nr03d7                          tsl18fs120_scl_ss
        nr04d1                          tsl18fs120_scl_ss
    ahb_master                                    r
        ah01d1                          tsl18fs120_scl_ss
        an02d0                          tsl18fs120_scl_ss
        an02d1                          tsl18fs120_scl_ss
        an02d2                          tsl18fs120_scl_ss
        an03d0                          tsl18fs120_scl_ss
        aoi21d1                         tsl18fs120_scl_ss
        aoi22d1                         tsl18fs120_scl_ss
        aoi211d1                        tsl18fs120_scl_ss
        aon211d1                        tsl18fs120_scl_ss
        bufbd3                          tsl18fs120_scl_ss
        bufbd4                          tsl18fs120_scl_ss
        buffd1                          tsl18fs120_scl_ss
        buffd3                          tsl18fs120_scl_ss
        buffd7                          tsl18fs120_scl_ss
        buffda                          tsl18fs120_scl_ss
        decrq1                          tsl18fs120_scl_ss
        dfcrb1                          tsl18fs120_scl_ss
        dfcrq1                          tsl18fs120_scl_ss
        dfcrq2                          tsl18fs120_scl_ss
        dfcrq4                          tsl18fs120_scl_ss
        inv0d0                          tsl18fs120_scl_ss
        inv0d1                          tsl18fs120_scl_ss
        inv0d2                          tsl18fs120_scl_ss
        inv0d4                          tsl18fs120_scl_ss
        inv0d7                          tsl18fs120_scl_ss
        invbd2                          tsl18fs120_scl_ss
        invbd4                          tsl18fs120_scl_ss
        invbd7                          tsl18fs120_scl_ss
        invbda                          tsl18fs120_scl_ss
        invbdf                          tsl18fs120_scl_ss
        mx02d0                          tsl18fs120_scl_ss
        mx02d1                          tsl18fs120_scl_ss
        nd02d0                          tsl18fs120_scl_ss
        nd02d1                          tsl18fs120_scl_ss
        nd02d2                          tsl18fs120_scl_ss
        nd02d4                          tsl18fs120_scl_ss
        nd02d7                          tsl18fs120_scl_ss
        nd03d0                          tsl18fs120_scl_ss
        nd03d1                          tsl18fs120_scl_ss
        nd03d2                          tsl18fs120_scl_ss
        nd04d0                          tsl18fs120_scl_ss
        nd12d0                          tsl18fs120_scl_ss
        nd12d1                          tsl18fs120_scl_ss
        nd12d2                          tsl18fs120_scl_ss
        nd12d4                          tsl18fs120_scl_ss
        nr02d0                          tsl18fs120_scl_ss
        nr02d1                          tsl18fs120_scl_ss
        nr02d2                          tsl18fs120_scl_ss
        nr02d4                          tsl18fs120_scl_ss
        nr03d0                          tsl18fs120_scl_ss
        oai21d1                         tsl18fs120_scl_ss
        oai21d2                         tsl18fs120_scl_ss
        oai22d1                         tsl18fs120_scl_ss
        oai211d1                        tsl18fs120_scl_ss
        oai211d2                        tsl18fs120_scl_ss
        oai222d1                        tsl18fs120_scl_ss
        oai222d2                        tsl18fs120_scl_ss
        oaim21d1                        tsl18fs120_scl_ss
        oaim211d1                       tsl18fs120_scl_ss
        or02d0                          tsl18fs120_scl_ss
        or02d1                          tsl18fs120_scl_ss
        xn02d1                          tsl18fs120_scl_ss
        xr02d1                          tsl18fs120_scl_ss
    ahb_mux
        aoi22d1                         tsl18fs120_scl_ss
        bufbd4                          tsl18fs120_scl_ss
        buffd3                          tsl18fs120_scl_ss
        inv0d0                          tsl18fs120_scl_ss
        invbd2                          tsl18fs120_scl_ss
        nd02d1                          tsl18fs120_scl_ss
        nd02d2                          tsl18fs120_scl_ss
        nd02d4                          tsl18fs120_scl_ss
        nd02d7                          tsl18fs120_scl_ss
        nr02d0                          tsl18fs120_scl_ss
        nr03d2                          tsl18fs120_scl_ss
        nr04d1                          tsl18fs120_scl_ss
        oaim211d2                       tsl18fs120_scl_ss
    ahb_slave_00000c00_00000fff                   r
        an02d0                          tsl18fs120_scl_ss
        an02d1                          tsl18fs120_scl_ss
        an02d2                          tsl18fs120_scl_ss
        aoi22d1                         tsl18fs120_scl_ss
        bufbd1                          tsl18fs120_scl_ss
        bufbd2                          tsl18fs120_scl_ss
        bufbd3                          tsl18fs120_scl_ss
        bufbd4                          tsl18fs120_scl_ss
        buffd1                          tsl18fs120_scl_ss
        buffd3                          tsl18fs120_scl_ss
        buffd7                          tsl18fs120_scl_ss
        buffda                          tsl18fs120_scl_ss
        clk2d2                          tsl18fs120_scl_ss
        dfnrq1                          tsl18fs120_scl_ss
        inv0d0                          tsl18fs120_scl_ss
        inv0d1                          tsl18fs120_scl_ss
        inv0d2                          tsl18fs120_scl_ss
        inv0d4                          tsl18fs120_scl_ss
        inv0d7                          tsl18fs120_scl_ss
        inv0da                          tsl18fs120_scl_ss
        invbd2                          tsl18fs120_scl_ss
        invbd4                          tsl18fs120_scl_ss
        invbd7                          tsl18fs120_scl_ss
        invbda                          tsl18fs120_scl_ss
        mx02d0                          tsl18fs120_scl_ss
        mx02d1                          tsl18fs120_scl_ss
        nd02d0                          tsl18fs120_scl_ss
        nd02d1                          tsl18fs120_scl_ss
        nd02d2                          tsl18fs120_scl_ss
        nd02d4                          tsl18fs120_scl_ss
        nd03d1                          tsl18fs120_scl_ss
        nd03d2                          tsl18fs120_scl_ss
        nd03d4                          tsl18fs120_scl_ss
        nd03d7                          tsl18fs120_scl_ss
        nd04d0                          tsl18fs120_scl_ss
        nd04d1                          tsl18fs120_scl_ss
        nd04d2                          tsl18fs120_scl_ss
        nd12d0                          tsl18fs120_scl_ss
        nd12d1                          tsl18fs120_scl_ss
        nd12d2                          tsl18fs120_scl_ss
        nd12d4                          tsl18fs120_scl_ss
        nr02d0                          tsl18fs120_scl_ss
        nr02d1                          tsl18fs120_scl_ss
        nr02d2                          tsl18fs120_scl_ss
        nr02d4                          tsl18fs120_scl_ss
        nr02d7                          tsl18fs120_scl_ss
        nr04d0                          tsl18fs120_scl_ss
        nr04d1                          tsl18fs120_scl_ss
        or02d0                          tsl18fs120_scl_ss
        or02d1                          tsl18fs120_scl_ss
    ahb_slave_00000000_000003ff                   r
        an02d0                          tsl18fs120_scl_ss
        an02d1                          tsl18fs120_scl_ss
        an02d2                          tsl18fs120_scl_ss
        aoi22d1                         tsl18fs120_scl_ss
        aoim22d1                        tsl18fs120_scl_ss
        bufbd1                          tsl18fs120_scl_ss
        bufbd3                          tsl18fs120_scl_ss
        bufbd4                          tsl18fs120_scl_ss
        buffd1                          tsl18fs120_scl_ss
        buffd3                          tsl18fs120_scl_ss
        buffd7                          tsl18fs120_scl_ss
        buffda                          tsl18fs120_scl_ss
        dfnrq1                          tsl18fs120_scl_ss
        inv0d0                          tsl18fs120_scl_ss
        inv0d1                          tsl18fs120_scl_ss
        inv0d2                          tsl18fs120_scl_ss
        inv0d4                          tsl18fs120_scl_ss
        inv0d7                          tsl18fs120_scl_ss
        inv0da                          tsl18fs120_scl_ss
        invbd4                          tsl18fs120_scl_ss
        invbd7                          tsl18fs120_scl_ss
        invbda                          tsl18fs120_scl_ss
        invbdf                          tsl18fs120_scl_ss
        mx02d1                          tsl18fs120_scl_ss
        nd02d0                          tsl18fs120_scl_ss
        nd02d1                          tsl18fs120_scl_ss
        nd02d2                          tsl18fs120_scl_ss
        nd02d4                          tsl18fs120_scl_ss
        nd03d2                          tsl18fs120_scl_ss
        nd03d4                          tsl18fs120_scl_ss
        nd04d0                          tsl18fs120_scl_ss
        nd04d2                          tsl18fs120_scl_ss
        nd04d4                          tsl18fs120_scl_ss
        nr02d0                          tsl18fs120_scl_ss
        nr02d1                          tsl18fs120_scl_ss
        nr02d2                          tsl18fs120_scl_ss
        nr02d4                          tsl18fs120_scl_ss
        nr02d7                          tsl18fs120_scl_ss
        nr04d0                          tsl18fs120_scl_ss
        nr04d1                          tsl18fs120_scl_ss
        nr23d4                          tsl18fs120_scl_ss
        or02d0                          tsl18fs120_scl_ss
        or02d1                          tsl18fs120_scl_ss
        or02d2                          tsl18fs120_scl_ss
        or04d0                          tsl18fs120_scl_ss
    ahb_slave_00000400_000007ff                   r
        an02d0                          tsl18fs120_scl_ss
        an02d1                          tsl18fs120_scl_ss
        an02d4                          tsl18fs120_scl_ss
        an12d1                          tsl18fs120_scl_ss
        aoi22d1                         tsl18fs120_scl_ss
        bufbd1                          tsl18fs120_scl_ss
        bufbd3                          tsl18fs120_scl_ss
        bufbd4                          tsl18fs120_scl_ss
        buffd1                          tsl18fs120_scl_ss
        buffd3                          tsl18fs120_scl_ss
        buffd7                          tsl18fs120_scl_ss
        buffda                          tsl18fs120_scl_ss
        dfnrq1                          tsl18fs120_scl_ss
        inv0d0                          tsl18fs120_scl_ss
        inv0d1                          tsl18fs120_scl_ss
        inv0d2                          tsl18fs120_scl_ss
        inv0d4                          tsl18fs120_scl_ss
        inv0da                          tsl18fs120_scl_ss
        invbd2                          tsl18fs120_scl_ss
        invbd4                          tsl18fs120_scl_ss
        invbda                          tsl18fs120_scl_ss
        mx02d0                          tsl18fs120_scl_ss
        mx02d1                          tsl18fs120_scl_ss
        nd02d1                          tsl18fs120_scl_ss
        nd02d2                          tsl18fs120_scl_ss
        nd02d4                          tsl18fs120_scl_ss
        nd02d7                          tsl18fs120_scl_ss
        nd03d1                          tsl18fs120_scl_ss
        nd03d2                          tsl18fs120_scl_ss
        nd03d4                          tsl18fs120_scl_ss
        nd03d7                          tsl18fs120_scl_ss
        nd04d0                          tsl18fs120_scl_ss
        nd04d1                          tsl18fs120_scl_ss
        nd04d2                          tsl18fs120_scl_ss
        nd12d0                          tsl18fs120_scl_ss
        nd12d1                          tsl18fs120_scl_ss
        nd12d2                          tsl18fs120_scl_ss
        nd12d4                          tsl18fs120_scl_ss
        nr02d0                          tsl18fs120_scl_ss
        nr02d1                          tsl18fs120_scl_ss
        nr02d2                          tsl18fs120_scl_ss
        nr02d4                          tsl18fs120_scl_ss
        nr02d7                          tsl18fs120_scl_ss
        nr04d0                          tsl18fs120_scl_ss
        nr04d1                          tsl18fs120_scl_ss
        or02d0                          tsl18fs120_scl_ss
        or02d1                          tsl18fs120_scl_ss
    ahb_slave_00000800_00000bff                   r
        an02d0                          tsl18fs120_scl_ss
        an02d1                          tsl18fs120_scl_ss
        an02d2                          tsl18fs120_scl_ss
        an02d4                          tsl18fs120_scl_ss
        aoi22d1                         tsl18fs120_scl_ss
        bufbd1                          tsl18fs120_scl_ss
        bufbd3                          tsl18fs120_scl_ss
        bufbd4                          tsl18fs120_scl_ss
        buffd1                          tsl18fs120_scl_ss
        buffd3                          tsl18fs120_scl_ss
        buffd7                          tsl18fs120_scl_ss
        buffda                          tsl18fs120_scl_ss
        dfnrq1                          tsl18fs120_scl_ss
        inv0d0                          tsl18fs120_scl_ss
        inv0d1                          tsl18fs120_scl_ss
        inv0d2                          tsl18fs120_scl_ss
        inv0d4                          tsl18fs120_scl_ss
        inv0da                          tsl18fs120_scl_ss
        invbd2                          tsl18fs120_scl_ss
        invbd4                          tsl18fs120_scl_ss
        invbda                          tsl18fs120_scl_ss
        invbdf                          tsl18fs120_scl_ss
        mx02d0                          tsl18fs120_scl_ss
        mx02d1                          tsl18fs120_scl_ss
        nd02d1                          tsl18fs120_scl_ss
        nd02d2                          tsl18fs120_scl_ss
        nd02d4                          tsl18fs120_scl_ss
        nd03d0                          tsl18fs120_scl_ss
        nd03d1                          tsl18fs120_scl_ss
        nd03d2                          tsl18fs120_scl_ss
        nd03d4                          tsl18fs120_scl_ss
        nd03d7                          tsl18fs120_scl_ss
        nd04d0                          tsl18fs120_scl_ss
        nd04d1                          tsl18fs120_scl_ss
        nd04d4                          tsl18fs120_scl_ss
        nd12d0                          tsl18fs120_scl_ss
        nd12d1                          tsl18fs120_scl_ss
        nd12d2                          tsl18fs120_scl_ss
        nr02d0                          tsl18fs120_scl_ss
        nr02d1                          tsl18fs120_scl_ss
        nr02d2                          tsl18fs120_scl_ss
        nr02d4                          tsl18fs120_scl_ss
        nr02d7                          tsl18fs120_scl_ss
        nr03d1                          tsl18fs120_scl_ss
        nr03d4                          tsl18fs120_scl_ss
        nr04d0                          tsl18fs120_scl_ss
        nr04d1                          tsl18fs120_scl_ss
        nr13d1                          tsl18fs120_scl_ss
        or02d0                          tsl18fs120_scl_ss
        or02d1                          tsl18fs120_scl_ss
    buffd7                              tsl18fs120_scl_ss
    buffda                              tsl18fs120_scl_ss
    inv0d1                              tsl18fs120_scl_ss
    inv0d2                              tsl18fs120_scl_ss
    inv0d4                              tsl18fs120_scl_ss
    inv0d7                              tsl18fs120_scl_ss
    invbd7                              tsl18fs120_scl_ss
    invbdf                              tsl18fs120_scl_ss
1
